============================= test session starts =============================
platform win32 -- Python 3.11.4, pytest-7.4.3, pluggy-1.6.0 -- D:\PBL6\KTPM_SELENIUM\venv\Scripts\python.exe
cachedir: .pytest_cache
metadata: {'Python': '3.11.4', 'Platform': 'Windows-10-10.0.26100-SP0', 'Packages': {'pytest': '7.4.3', 'pluggy': '1.6.0'}, 'Plugins': {'allure-pytest': '2.13.2', 'html': '4.1.1', 'metadata': '3.1.1', 'xdist': '3.5.0'}}
rootdir: D:\PBL6\KTPM_SELENIUM
configfile: pytest.ini
plugins: allure-pytest-2.13.2, html-4.1.1, metadata-3.1.1, xdist-3.5.0
collecting ... collected 1 item

tests/test_create_user.py::TestCreateUser::test_tc_cu_001 
=== Starting create_user_full ===
Test data: {'login_email': 'nguyenhuuphuc22052004@gmail.com', 'login_password': '22052004', 'full_name': 'Nguy峄卬 V膬n An', 'email': 'nguyenvanan123@gmail.com', 'phone': '0912345678', 'gender': 'male', 'date_of_birth': '2000-05-15', 'role': 'user', 'password': 'Abc@1234', 'confirm_password': 'Abc@1234'}
Step 1: Clicking create user button...
鉁?Create button clicked

Step 2: Waiting for dialog...
鉁?Dialog appeared

Step 3: Filling full name...
  鈫?Filling full name: 'Nguy峄卬 V膬n An'
  鉁?Full name filled

Step 4: Filling email...
  鈫?Filling email: 'nguyenvanan123@gmail.com'
  鉁?Email filled

Step 5: Filling phone...
  鈫?Filling phone: '0912345678'
  鉁?Phone filled

Step 6: Selecting gender...
  鈫?Attempting to select gender: male
  鈫?Found gender trigger, clicking with JavaScript...
  鈫?Found 3 option elements
     - Option text: 'Nam'
     - Option text: 'N峄?
     - Option text: 'Kh谩c'
  鈫?Waiting for option: Nam
  鈫?Clicking option: Nam
  鉁?Gender selected: Nam

Step 7: Filling date of birth...
  鈫?Filling date of birth: '2000-05-15'
  鉁?Date of birth filled

Step 8: Selecting role...
  鈫?Attempting to select role: user
  鈫?Found role trigger, clicking with JavaScript...
  鈫?Found 3 option elements
     - Option text: 'H峄峜 vi锚n'
     - Option text: 'Gi岷g vi锚n'
     - Option text: 'Qu岷 tr峄?vi锚n'
  鈫?Waiting for option: Sinh vi锚n
  鉂?Role option not found: Sinh vi锚n

Screenshot saved: D:\PBL6\KTPM_SELENIUM\screenshots\failed_test_tc_cu_001_20251118_194449.png
FAILEDReport saved to: D:\PBL6\KTPM_SELENIUM\reports\create_user_report_20251118_194452.xlsx

================================================================================
Test Report Generated: D:\PBL6\KTPM_SELENIUM\reports\create_user_report_20251118_194452.xlsx
================================================================================


================================== FAILURES ===================================
D:\PBL6\KTPM_SELENIUM\tests\test_create_user.py:96: AssertionError: Failed to fill form
=========================== short test summary info ===========================
FAILED tests/test_create_user.py::TestCreateUser::test_tc_cu_001 - AssertionE...
============================= 1 failed in 37.28s ==============================
